src/mappers/reflectionMapper.ts(20,7): error TS2561: Object literal may only specify known properties, but 'teacher' does not exist in type 'TeacherReflection'. Did you mean to write 'teacherId'?
src/mappers/supervisionMapper.ts(3,3): error TS6196: 'CreateSupervisionPayload' is declared but never used.
src/services/instrumentService.ts(101,7): error TS2353: Object literal may only specify known properties, and 'itemsCount' does not exist in type 'Instrument'.
src/services/instrumentService.ts(349,26): error TS2339: Property 'itemsCount' does not exist on type 'Instrument'.
src/services/reportSettingService.ts(2,15): error TS2724: '"../types/reportSetting"' has no exported member named 'ReportSetting'. Did you mean 'ReportSettings'?
src/services/scoreRangeService.ts(71,11): error TS2322: Type '{ id: string; name: string; minScore: number; maxScore: number; description?: string; color: string; }' is not assignable to type 'ScoreRange'.
  Types of property 'description' are incompatible.
    Type 'string | undefined' is not assignable to type 'string'.
      Type 'undefined' is not assignable to type 'string'.
src/services/supervisionService.ts(9,41): error TS6196: 'UpdateSupervisionPayload' is declared but never used.
src/services/supervisionService.ts(9,152): error TS6196: 'EvaluateSupervisionPayload' is declared but never used.
src/services/supervisionService.ts(83,34): error TS2551: Property 'instrumentId' does not exist on type 'CreateSupervisionPayload'. Did you mean 'instrumentIds'?
src/services/supervisionService.ts(94,7): error TS2561: Object literal may only specify known properties, but 'instrumentId' does not exist in type 'Supervision'. Did you mean to write 'instrumentIds'?
src/services/supervisionService.ts(188,9): error TS2322: Type 'string | undefined' is not assignable to type 'string'.
  Type 'undefined' is not assignable to type 'string'.
src/services/supervisionService.ts(227,9): error TS2322: Type 'string | undefined' is not assignable to type 'string'.
  Type 'undefined' is not assignable to type 'string'.
src/services/teacherService.ts(9,59): error TS2305: Module '"../types/dto/teacher.dto"' has no exported member 'any'.
src/services/teacherService.ts(9,59): error TS6196: 'any' is declared but never used.
src/stores/instrumentStore.ts(3,27): error TS6196: 'InstrumentItem' is declared but never used.
src/stores/reflectionStore.ts(40,9): error TS2322: Type 'TeacherReflection | undefined' is not assignable to type 'TeacherReflection | { id: string; supervisionId: string; teacherId: string; strengthReflection: string; obstacleReflection: string; improvementPlan: string; supportNeeded: string; ... 5 more ...; updatedAt: string; } | null'.
  Type 'undefined' is not assignable to type 'TeacherReflection | { id: string; supervisionId: string; teacherId: string; strengthReflection: string; obstacleReflection: string; improvementPlan: string; supportNeeded: string; ... 5 more ...; updatedAt: string; } | null'.
src/stores/reflectionStore.ts(55,9): error TS2322: Type 'TeacherReflection | undefined' is not assignable to type 'TeacherReflection | { id: string; supervisionId: string; teacherId: string; strengthReflection: string; obstacleReflection: string; improvementPlan: string; supportNeeded: string; ... 5 more ...; updatedAt: string; } | null'.
  Type 'undefined' is not assignable to type 'TeacherReflection | { id: string; supervisionId: string; teacherId: string; strengthReflection: string; obstacleReflection: string; improvementPlan: string; supportNeeded: string; ... 5 more ...; updatedAt: string; } | null'.
src/stores/reflectionStore.ts(72,11): error TS2322: Type 'TeacherReflection | undefined' is not assignable to type '{ id: string; supervisionId: string; teacherId: string; strengthReflection: string; obstacleReflection: string; improvementPlan: string; supportNeeded: string; targetDate: string | null; ... 4 more ...; updatedAt: string; }'.
  Type 'undefined' is not assignable to type '{ id: string; supervisionId: string; teacherId: string; strengthReflection: string; obstacleReflection: string; improvementPlan: string; supportNeeded: string; targetDate: string | null; ... 4 more ...; updatedAt: string; }'.
src/stores/reflectionStore.ts(75,11): error TS2322: Type 'TeacherReflection | undefined' is not assignable to type 'TeacherReflection | { id: string; supervisionId: string; teacherId: string; strengthReflection: string; obstacleReflection: string; improvementPlan: string; supportNeeded: string; ... 5 more ...; updatedAt: string; } | null'.
  Type 'undefined' is not assignable to type 'TeacherReflection | { id: string; supervisionId: string; teacherId: string; strengthReflection: string; obstacleReflection: string; improvementPlan: string; supportNeeded: string; ... 5 more ...; updatedAt: string; } | null'.
src/stores/supervisionStore.ts(6,41): error TS6196: 'UpdateSupervisionPayload' is declared but never used.
src/stores/supervisionStore.ts(6,67): error TS6196: 'EvaluateSupervisionPayload' is declared but never used.
src/stores/waTemplateStore.ts(39,48): error TS2345: Argument of type '{}' is not assignable to parameter of type 'string | number'.
src/views/instruments/InstrumentBuilderView.vue(179,11): error TS2353: Object literal may only specify known properties, and 'description' does not exist in type 'CreateInstrumentItemPayload'.
src/views/instruments/InstrumentBuilderView.vue(188,11): error TS2353: Object literal may only specify known properties, and 'description' does not exist in type 'Partial<CreateInstrumentItemPayload>'.
src/views/reflection/ReflectionFormView.vue(13,1): error TS6133: 'Toast' is declared but its value is never read.
src/views/reflection/ReflectionFormView.vue(67,27): error TS2554: Expected 2 arguments, but got 1.
src/views/reports/SupervisionRecapView.vue(6,1): error TS6133: 'triggerPrint' is declared but its value is never read.
src/views/reports/SupervisionRecapView.vue(54,7): error TS6133: 'bySupervisor' is declared but its value is never read.
src/views/settings/ReportFormatView.vue(43,38): error TS2345: Argument of type '{ id?: number | undefined; showLogo?: boolean | undefined; showSchoolAddress?: boolean | undefined; showPrincipalSignature?: boolean | undefined; showSupervisorSignature?: boolean | undefined; ... 8 more ...; updatedAt?: string | undefined; }' is not assignable to parameter of type 'UpdateReportSettingsPayload'.
  Type '{ id?: number | undefined; showLogo?: boolean | undefined; showSchoolAddress?: boolean | undefined; showPrincipalSignature?: boolean | undefined; showSupervisorSignature?: boolean | undefined; ... 8 more ...; updatedAt?: string | undefined; }' is missing the following properties from type 'UpdateReportSettingsPayload': schoolName, schoolAddress, city, signatureDate, and 4 more.
src/views/supervision/SupervisionCreateView.vue(20,1): error TS6133: 'Toast' is declared but its value is never read.
src/views/supervision/SupervisionInputView.vue(15,1): error TS6133: 'Toast' is declared but its value is never read.
src/views/supervision/SupervisionInputView.vue(19,1): error TS6133: 'ConfirmDialog' is declared but its value is never read.
src/views/supervision/SupervisionListView.vue(20,1): error TS6133: 'Toast' is declared but its value is never read.
src/views/supervision/SupervisionListView.vue(21,1): error TS6133: 'ConfirmDialog' is declared but its value is never read.
src/views/supervision/SupervisionResultListView.vue(18,1): error TS6133: 'Toast' is declared but its value is never read.
src/views/supervision/SupervisionResultView.vue(20,1): error TS6133: 'Toast' is declared but its value is never read.
